
Running 1 test using 1 worker

  Γ£ô Tryout page loaded: /pages/tryout.php
  Debug: hasManager=true, soalLength=0, sessionId=295, lastError=none, sessionStatus=unknown, isLoading=false, tryoutJsLoaded=true
  Debug: classLoaded=true, initCalled=true
  API responses: []
  Console messages: [{"type":"log","text":"[TryoutManager] Class definition loaded"},{"type":"log","text":"[TryoutManager] init called {sessionId: 295, baseUrl: https://bimbel.bereng.info, subtesTimers: Object, currentSubtes: TWK}"},{"type":"log","text":"[TryoutManager] loadSoal called with sessionId: 295 baseUrl: https://bimbel.bereng.info"},{"type":"log","text":"[SW] Registered: https://bimbel.bereng.info/assets/js/"},{"type":"error","text":"Failed to load resource: the server responded with a status of 404 ()"},{"type":"error","text":"Failed to load resource: the server responded with a status of 429 ()"}]
  Γ£ô Total soal loaded: 0
  Γ£ÿ  1 [chromium] ΓÇ║ tests\peserta-full-simulation.spec.js:233:3 ΓÇ║ Peserta Full Simulation ΓÇ║ 6. Full Tryout - mulai ujian, jawab semua soal, selesaikan (16.4s)


  1) [chromium] ΓÇ║ tests\peserta-full-simulation.spec.js:233:3 ΓÇ║ Peserta Full Simulation ΓÇ║ 6. Full Tryout - mulai ujian, jawab semua soal, selesaikan 

    Error: expect(received).toBeGreaterThan(expected)

    Expected: > 0
    Received:   0

      291 |     const soalCount = debugInfo.soalLength;
      292 |     console.log(`  Γ£ô Total soal loaded: ${soalCount}`);
    > 293 |     expect(soalCount).toBeGreaterThan(0);
          |                       ^
      294 |
      295 |     // Check timer is running
      296 |     const timerText = await page.locator('#timer, .timer, [class*="timer"]').first().textContent().catch(() => 'N/A');
        at C:\xampp\htdocs\permen\tests\peserta-full-simulation.spec.js:293:23

    attachment #1: screenshot (image/png) ΓöÇΓöÇΓöÇΓöÇΓöÇΓöÇΓöÇΓöÇΓöÇΓöÇΓöÇΓöÇΓöÇΓöÇΓöÇΓöÇΓöÇΓöÇΓöÇΓöÇΓöÇΓöÇΓöÇΓöÇΓöÇΓöÇΓöÇΓöÇΓöÇΓöÇΓöÇΓöÇΓöÇΓöÇΓöÇΓöÇΓöÇΓöÇΓöÇΓöÇΓöÇΓöÇΓöÇΓöÇΓöÇΓöÇΓöÇΓöÇΓöÇΓöÇΓöÇΓöÇΓöÇΓöÇΓöÇΓöÇΓöÇΓöÇ
    test-results\peserta-full-simulation-Pe-6705c-jawab-semua-soal-selesaikan-chromium\test-failed-1.png
    ΓöÇΓöÇΓöÇΓöÇΓöÇΓöÇΓöÇΓöÇΓöÇΓöÇΓöÇΓöÇΓöÇΓöÇΓöÇΓöÇΓöÇΓöÇΓöÇΓöÇΓöÇΓöÇΓöÇΓöÇΓöÇΓöÇΓöÇΓöÇΓöÇΓöÇΓöÇΓöÇΓöÇΓöÇΓöÇΓöÇΓöÇΓöÇΓöÇΓöÇΓöÇΓöÇΓöÇΓöÇΓöÇΓöÇΓöÇΓöÇΓöÇΓöÇΓöÇΓöÇΓöÇΓöÇΓöÇΓöÇΓöÇΓöÇΓöÇΓöÇΓöÇΓöÇΓöÇΓöÇΓöÇΓöÇΓöÇΓöÇΓöÇΓöÇΓöÇΓöÇΓöÇΓöÇΓöÇΓöÇΓöÇΓöÇΓöÇΓöÇΓöÇΓöÇΓöÇΓöÇΓöÇΓöÇΓöÇΓöÇΓöÇΓöÇΓöÇΓöÇΓöÇΓöÇΓöÇΓöÇ

    attachment #2: video (video/webm) ΓöÇΓöÇΓöÇΓöÇΓöÇΓöÇΓöÇΓöÇΓöÇΓöÇΓöÇΓöÇΓöÇΓöÇΓöÇΓöÇΓöÇΓöÇΓöÇΓöÇΓöÇΓöÇΓöÇΓöÇΓöÇΓöÇΓöÇΓöÇΓöÇΓöÇΓöÇΓöÇΓöÇΓöÇΓöÇΓöÇΓöÇΓöÇΓöÇΓöÇΓöÇΓöÇΓöÇΓöÇΓöÇΓöÇΓöÇΓöÇΓöÇΓöÇΓöÇΓöÇΓöÇΓöÇΓöÇΓöÇΓöÇΓöÇΓöÇΓöÇΓöÇΓöÇ
    test-results\peserta-full-simulation-Pe-6705c-jawab-semua-soal-selesaikan-chromium\video.webm
    ΓöÇΓöÇΓöÇΓöÇΓöÇΓöÇΓöÇΓöÇΓöÇΓöÇΓöÇΓöÇΓöÇΓöÇΓöÇΓöÇΓöÇΓöÇΓöÇΓöÇΓöÇΓöÇΓöÇΓöÇΓöÇΓöÇΓöÇΓöÇΓöÇΓöÇΓöÇΓöÇΓöÇΓöÇΓöÇΓöÇΓöÇΓöÇΓöÇΓöÇΓöÇΓöÇΓöÇΓöÇΓöÇΓöÇΓöÇΓöÇΓöÇΓöÇΓöÇΓöÇΓöÇΓöÇΓöÇΓöÇΓöÇΓöÇΓöÇΓöÇΓöÇΓöÇΓöÇΓöÇΓöÇΓöÇΓöÇΓöÇΓöÇΓöÇΓöÇΓöÇΓöÇΓöÇΓöÇΓöÇΓöÇΓöÇΓöÇΓöÇΓöÇΓöÇΓöÇΓöÇΓöÇΓöÇΓöÇΓöÇΓöÇΓöÇΓöÇΓöÇΓöÇΓöÇΓöÇΓöÇ

    Error Context: test-results\peserta-full-simulation-Pe-6705c-jawab-semua-soal-selesaikan-chromium\error-context.md

  1 failed
    [chromium] ΓÇ║ tests\peserta-full-simulation.spec.js:233:3 ΓÇ║ Peserta Full Simulation ΓÇ║ 6. Full Tryout - mulai ujian, jawab semua soal, selesaikan 
